C51 COMPILER V9.60.7.0   MAIN                                                              08/01/2024 11:32:12 PAGE 1   


C51 COMPILER V9.60.7.0, COMPILATION OF MODULE MAIN
OBJECT MODULE PLACED IN .\Objects\main.obj
COMPILER INVOKED BY: D:\AppData\Keil_v5\C51\BIN\C51.EXE main.c OPTIMIZE(8,SPEED) BROWSE DEBUG OBJECTEXTEND PRINT(.\Listi
                    -ngs\main.lst) TABS(2) OBJECT(.\Objects\main.obj)

line level    source

   1          #include "Config.h"
   2          #include "Delay.h"
   3          #include "NVIC.h"
   4          #include "UART.h"
   5          #include "Switch.h"
   6          #include "PCF8563.h"
   7          
   8          #define READ_BCD(val)   (val >> 4) * 10 + (val & 0x0F) 
   9          
  10          /****************  UART初始化函数 *****************/
  11          void UART_config(void) {
  12   1          // >>> 记得添加 NVIC.c, UART.c, UART_Isr.c <<<
  13   1          COMx_InitDefine COMx_InitStructure;                    //结构定义
  14   1          COMx_InitStructure.UART_Mode = UART_8bit_BRTx;    //模式, UART_ShiftRight,UART_8bit_BRTx,UART_9bit,U
             -ART_9bit_BRTx
  15   1          COMx_InitStructure.UART_BRT_Use = BRT_Timer1;            //选择波特率发生器, BRT_Timer1, BRT_T
             -imer2 (注意: 串口2固定使用BRT_Timer2)
  16   1          COMx_InitStructure.UART_BaudRate = 115200ul;            //波特率, 一般 110 ~ 115200
  17   1          COMx_InitStructure.UART_RxEnable = ENABLE;                //接收允许,   ENABLE或DISABLE
  18   1          COMx_InitStructure.BaudRateDouble = DISABLE;            //波特率加倍, ENABLE或DISABLE
  19   1          UART_Configuration(UART1, &COMx_InitStructure);        //初始化串口1 UART1,UART2,UART3,UART4
  20   1      
  21   1          NVIC_UART1_Init(ENABLE,
  22   1                          Priority_1);        //中断使能, ENABLE/DISABLE; 优先级(低到高) Priority_0,Pr
             -iority_1,Priority_2,Priority_3
  23   1          UART1_SW(UART1_SW_P30_P31);        // 引脚选择, UART1_SW_P30_P31,UART1_SW_P36_P37,UART1_SW_P16_P17
             -,UART1_SW_P43_P44
  24   1      }
  25          
  26          int main() {
  27   1          //存储转换后的值
  28   1          Clock_t c;
  29   1      
  30   1          PCF8563_init();//初始化I2C
  31   1          UART_config();
  32   1      
  33   1          EA = 1;//使能中断
  34   1      
  35   1          /*1.设置RTC芯片时间*/
  36   1          //准备要设置的数据
  37   1          c.year = 2024, c.month = 6, c.day = 29, c.week = 1, c.hour = 23, c.minute = 59, c.second = 54;
  38   1          //进行时间设置
  39   1          PCF8563_set(&c);
  40   1        
  41   1          delay_ms(250);
  42   1          delay_ms(250);
  43   1        
  44   1          /*2.循环读取RTC芯片的数据*/
  45   1              PCF8563_get(&c);
  46   1      
  47   1              //printf("Hour:%d;Minute:%d;c.second: %d\n", (int) hour, (int) minute, (int) c.second);
  48   1              printf("%d-%d-%d-%d-%d-%d,Week:%d\n", (int)READ_BCD(c.year) , (int) c.month, (int) c.day, (int) c.
             -hour, (int) c.minute,
  49   1                     (int) c.second, (int) c.week);
C51 COMPILER V9.60.7.0   MAIN                                                              08/01/2024 11:32:12 PAGE 2   

  50   1      
  51   1          while (1) {
  52   2      //        /*2.循环读取RTC芯片的数据*/
  53   2      //        PCF8563_get(&c);
  54   2      
  55   2      //        //printf("Hour:%d;Minute:%d;c.second: %d\n", (int) hour, (int) minute, (int) c.second);
  56   2      //        printf("%d-%d-%d-%d-%d-%d,Week:%d\n", (int)READ_BCD(c.year) , (int) c.month, (int) c.day, (int) 
             -c.hour, (int) c.minute,
  57   2      //               (int) c.second, (int) c.week);
  58   2      
  59   2              delay_ms(250);
  60   2              delay_ms(250);
  61   2              delay_ms(250);
  62   2              delay_ms(250);
  63   2          }
  64   1      
  65   1      
  66   1      }


MODULE INFORMATION:   STATIC OVERLAYABLE
   CODE SIZE        =    206    ----
   CONSTANT SIZE    =     27    ----
   XDATA SIZE       =   ----    ----
   PDATA SIZE       =   ----    ----
   DATA SIZE        =   ----      17
   IDATA SIZE       =   ----    ----
   BIT SIZE         =   ----    ----
END OF MODULE INFORMATION.


C51 COMPILATION COMPLETE.  0 WARNING(S),  0 ERROR(S)
